{
    "385281": [[1170,1401]],
    "385286": [[1,885],[888,1362]],
    "385285": [[1,8],[16,190],[194,299]],
    "385284": [[1,133]]
}
